# size-ratchet baseline, read by scripts/gates/size-ratchet.sh. Its header says
# what is counted, what a row holds, and how a row may change.

 13537  .claude/agents/backlog-dependency-planner.md        #207 baseline
 11715  .claude/agents/change-risk-assessor.md              #207 baseline
  8445  .claude/agents/code-smell-reviewer.md               #207 baseline
  5855  .claude/agents/confidence-assessor.md               #207 baseline
  9657  .claude/agents/craft-review-summarizer.md           #207 baseline
 12367  .claude/agents/data-architect.md                    #207 baseline
  8530  .claude/agents/design-reviewer.md                   #207 baseline
 12462  .claude/agents/devops-release-worker.md             #207 baseline
  7949  .claude/agents/docs-reviewer.md                     #207 baseline
 11918  .claude/agents/docs-writer.md                       #207 baseline
 40634  .claude/agents/engineering-lead.md                  #207 baseline
 10132  .claude/agents/evolvability-reviewer.md             #207 baseline
 12232  .claude/agents/go-architecture-critic.md            #207 baseline
 13972  .claude/agents/go-quality-critic.md                 #207 baseline
 10350  .claude/agents/go-review-summarizer.md              #207 baseline
 10178  .claude/agents/go-structure-critic.md               #207 baseline
 12584  .claude/agents/go-worker.md                         #207 baseline
 15421  .claude/agents/linus-architecture-critic.md         #207 baseline
 15689  .claude/agents/linus-quality-critic.md              #207 baseline
 11499  .claude/agents/linus-review-summarizer.md           #207 baseline
 18046  .claude/agents/linus-security-critic.md             #207 baseline
 13055  .claude/agents/linus-structure-critic.md            #207 baseline
  7904  .claude/agents/maintainability-reviewer.md          #207 baseline
  8016  .claude/agents/modularity-reviewer.md               #207 baseline
 12401  .claude/agents/optimizer-architect.md               #207 baseline
  8261  .claude/agents/over-engineering-reviewer.md         #207 baseline
  7839  .claude/agents/performance-reviewer.md              #207 baseline
 44034  .claude/agents/pr-judge.md                          #207 baseline
 12479  .claude/agents/progressive-results-specialist.md    #207 baseline
 12589  .claude/agents/project-coordinator.md               #207 baseline
  9668  .claude/agents/react-specialist.md                  #207 baseline
 28214  .claude/agents/requirements-engineer.md             #207 baseline
 12894  .claude/agents/requirements-fr.md                   #207 baseline
 13712  .claude/agents/requirements-librarian.md            #207 baseline
 14569  .claude/agents/requirements-nfr.md                  #207 baseline
 12039  .claude/agents/requirements-reconciler.md           #207 baseline
 15675  .claude/agents/requirements-story-organizer.md      #207 baseline
 13181  .claude/agents/safety-sentinel.md                   #207 baseline
  8654  .claude/agents/scalability-reviewer.md              #207 baseline
 10811  .claude/agents/scalability-specialist.md            #207 baseline
 16994  .claude/agents/scrum-master.md                      #207 baseline
 11247  .claude/agents/security-specialist.md               #207 baseline
 12059  .claude/agents/state-reporter.md                    #207 baseline
 11936  .claude/agents/test-engineer.md                     #207 baseline
  9485  .claude/agents/turfgps-agent.md                     #207 baseline
 12358  .claude/agents/ui-engineer.md                       #207 baseline
  9953  .claude/agents/ux-reviewer.md                       #207 baseline
 40604  .claude/agents/validation-agent.md                  #207 baseline
 16822  .claude/agents/worker-manager.md                    #207 baseline
 25407  .claude/skills/agent-handoffs/SKILL.md              #207 baseline
  3970  .claude/skills/codebase-map/SKILL.md                #207 baseline
 15726  .claude/skills/handoff-payloads/SKILL.md            #207 baseline
 24882  .claude/skills/local-gates/SKILL.md                 #207 baseline
  3373  .claude/skills/postgis-migration-protocol/SKILL.md  #207 baseline
 41330  .claude/skills/requirements-authoring/SKILL.md      #207 baseline
 39503  .claude/skills/review-board-dispatch/SKILL.md       #207 baseline
 18993  .claude/skills/review-verdicts/SKILL.md             #207 baseline
  6320  .claude/skills/safety-path-checklist/SKILL.md       #207 baseline
 30368  .claude/skills/turfgps-board-ops/SKILL.md           #207 baseline
